<?php return array (
  0 => 'Symfony\\Bundle\\FrameworkBundle\\Controller\\AbstractController',
  1 => 'App\\Controller\\BriefController',
  2 => 'App\\Controller\\GrCompetenceController',
  3 => 'App\\Controller\\PromoController',
  4 => 'App\\Controller\\ReferentielController',
  5 => 'App\\Controller\\UserController',
  6 => 'App\\Entity\\Admin',
  7 => 'App\\Entity\\Apprenant',
  8 => 'App\\Entity\\Brief',
  9 => 'App\\Entity\\BriefGroupe',
  10 => 'App\\Entity\\BriefPromotions',
  11 => 'App\\Entity\\Cm',
  12 => 'App\\Entity\\Competence',
  13 => 'App\\Entity\\CritereAdmission',
  14 => 'App\\Entity\\CritereEvaluation',
  15 => 'App\\Entity\\EtatBrief',
  16 => 'App\\Entity\\EtatBriefGroupes',
  17 => 'App\\Entity\\Formateur',
  18 => 'App\\Entity\\Groupe',
  19 => 'App\\Entity\\GroupeCompetence',
  20 => 'App\\Entity\\GroupeTag',
  21 => 'App\\Entity\\Langue',
  22 => 'App\\Entity\\LivrableAttenduApprenant',
  23 => 'App\\Entity\\LivrableAttendus',
  24 => 'App\\Entity\\LivrablePartiel',
  25 => 'App\\Entity\\LivrableRendu',
  26 => 'App\\Entity\\Niveau',
  27 => 'App\\Entity\\Profile',
  28 => 'App\\Entity\\ProfileSortie',
  29 => 'App\\Entity\\Promo',
  30 => 'App\\Entity\\Referentiel',
  31 => 'App\\Entity\\Ressource',
  32 => 'App\\Entity\\StatutLivrable',
  33 => 'App\\Entity\\Tags',
  34 => 'App\\Entity\\User',
  35 => 'Doctrine\\Bundle\\DoctrineBundle\\Controller\\ProfilerController',
  36 => 'Doctrine\\ORM\\Cache\\Persister\\Entity\\AbstractEntityPersister',
  37 => 'Doctrine\\ORM\\Cache\\Persister\\Entity\\CachedEntityPersister',
  38 => 'Doctrine\\ORM\\Cache\\Persister\\Entity\\NonStrictReadWriteCachedEntityPersister',
  39 => 'Doctrine\\ORM\\Cache\\Persister\\Entity\\ReadOnlyCachedEntityPersister',
  40 => 'Doctrine\\ORM\\Cache\\Persister\\Entity\\ReadWriteCachedEntityPersister',
  41 => 'Doctrine\\ORM\\Persisters\\Entity\\AbstractEntityInheritancePersister',
  42 => 'Doctrine\\ORM\\Persisters\\Entity\\BasicEntityPersister',
  43 => 'Doctrine\\ORM\\Persisters\\Entity\\CachedPersisterContext',
  44 => 'Doctrine\\ORM\\Persisters\\Entity\\EntityPersister',
  45 => 'Doctrine\\ORM\\Persisters\\Entity\\JoinedSubclassPersister',
  46 => 'Doctrine\\ORM\\Persisters\\Entity\\SingleTablePersister',
  48 => 'Symfony\\Bundle\\FrameworkBundle\\Controller\\ControllerResolver',
  49 => 'Symfony\\Bundle\\FrameworkBundle\\Controller\\RedirectController',
  50 => 'Symfony\\Bundle\\FrameworkBundle\\Controller\\TemplateController',
  51 => 'Symfony\\Component\\HttpKernel\\Controller\\ArgumentResolver',
  52 => 'Symfony\\Component\\HttpKernel\\Controller\\ArgumentResolverInterface',
  53 => 'Symfony\\Component\\HttpKernel\\Controller\\ArgumentResolver\\DefaultValueResolver',
  54 => 'Symfony\\Component\\HttpKernel\\Controller\\ArgumentResolver\\NotTaggedControllerValueResolver',
  55 => 'Symfony\\Component\\HttpKernel\\Controller\\ArgumentResolver\\RequestAttributeValueResolver',
  56 => 'Symfony\\Component\\HttpKernel\\Controller\\ArgumentResolver\\RequestValueResolver',
  57 => 'Symfony\\Component\\HttpKernel\\Controller\\ArgumentResolver\\ServiceValueResolver',
  58 => 'Symfony\\Component\\HttpKernel\\Controller\\ArgumentResolver\\SessionValueResolver',
  59 => 'Symfony\\Component\\HttpKernel\\Controller\\ArgumentResolver\\TraceableValueResolver',
  60 => 'Symfony\\Component\\HttpKernel\\Controller\\ArgumentResolver\\VariadicValueResolver',
  61 => 'Symfony\\Component\\HttpKernel\\Controller\\ArgumentValueResolverInterface',
  62 => 'Symfony\\Component\\HttpKernel\\Controller\\ContainerControllerResolver',
  63 => 'Symfony\\Component\\HttpKernel\\Controller\\ControllerReference',
  64 => 'Symfony\\Component\\HttpKernel\\Controller\\ControllerResolver',
  65 => 'Symfony\\Component\\HttpKernel\\Controller\\ControllerResolverInterface',
  66 => 'Symfony\\Component\\HttpKernel\\Controller\\ErrorController',
  67 => 'Symfony\\Component\\HttpKernel\\Controller\\TraceableArgumentResolver',
  68 => 'Symfony\\Component\\HttpKernel\\Controller\\TraceableControllerResolver',
  69 => 'Symfony\\Component\\Security\\Http\\Controller\\UserValueResolver',
);